warning: profile package spec `zed` in profile `release` did not match any packages

help: a package with a similar name exists: `aes`
    Checking mini_ui v0.1.0 (D:\proj\mini\crates\mini_ui)
error[E0277]: `*mut c_void` cannot be sent between threads safely
    --> crates\mini_ui\src\tray_icon.rs:473:36
     |
 473 |                    std::thread::spawn({
     |  __________________------------------_^
     | |                  |
     | |                  required by a bound introduced by this call
 474 | |                      let hwnd_copy = hwnd;
 475 | |                      move || {
     | |                      -------
     | |                      |
     | | _____________________within this `{closure@crates\mini_ui\src\tray_icon.rs:475:21: 475:28}`
     | ||
 476 | ||                         std::thread::sleep(std::time::Duration::from_millis(10));
 477 | ||                         unsafe {
 478 | ||                             let _ = ShowWindow(hwnd_copy, SW_HIDE);
...    ||
 489 | ||                     }
     | ||_____________________- this tail expression is of type `{closure@tray_icon.rs:475:21}`
 490 | |                  });
     | |__________________^ `*mut c_void` cannot be sent between threads safely
     |
     = help: within `{closure@crates\mini_ui\src\tray_icon.rs:475:21: 475:28}`, the trait `Send` is not implemented for `*mut c_void`
note: required because it appears within the type `HWND`
    --> D:\app\dev\rust\cargo\registry\src\index.crates.io-1949cf8c6b5b557f\windows-0.61.3\src\Windows\Win32\Foundation\mod.rs:5670:12
     |
5670 | pub struct HWND(pub *mut core::ffi::c_void);
     |            ^^^^
note: required because it's used within this closure
    --> crates\mini_ui\src\tray_icon.rs:475:21
     |
 475 |                     move || {
     |                     ^^^^^^^
note: required by a bound in `spawn`
    --> /rustc/ed61e7d7e242494fb7057f2657300d9e77bb4fcb\library\std\src\thread\mod.rs:723:1

For more information about this error, try `rustc --explain E0277`.
error: could not compile `mini_ui` (lib) due to 1 previous error
